// Jest Snapshot v1, https://goo.gl/fbAQLP

exports[`CloseIcon component should render correctly 1`] = `
<svg
  height="512px"
  id="Capa_1"
  version="1.1"
  viewBox="0 0 357 357"
  width="512px"
  x="0px"
  xmlns="http://www.w3.org/2000/svg"
  y="0px"
>
  <g>
    <g
      id="close"
    >
      <polygon
        fill="#ffffff"
        points="357,35.7 321.3,0 178.5,142.8 35.7,0 0,35.7 142.8,178.5 0,321.3 35.7,357 178.5,214.2 321.3,357 357,321.3 214.2,178.5"
      />
    </g>
  </g>
</svg>
`;
